npm warn Unknown user config "always-auth". This will stop working in the next major version of npm. See `npm help npmrc` for supported config options.
npm notice run paynalton.tech@0.0.1 test:visual
npm notice run playwright test tests/candidate.spec.ts --grep "visual baseline"
[WebServer] npm warn Unknown env config "always-auth". This will error in a future major version of npm. See `npm help npmrc` for supported config options.
[WebServer] npm warn Unknown user config "always-auth". This will stop working in the next major version of npm. See `npm help npmrc` for supported config options.
[WebServer] npm notice run paynalton.tech@0.0.1 preview
[WebServer] npm notice run astro preview --host 127.0.0.1 --port 4334 --ignore-lock
[WebServer] (node:1163914) Warning: The 'NO_COLOR' env is ignored due to the 'FORCE_COLOR' env being set.
[WebServer] (Use `node --trace-warnings ...` to show where the warning was created)

Running 8 tests using 2 workers

(node:1164479) Warning: The 'NO_COLOR' env is ignored due to the 'FORCE_COLOR' env being set.
(Use `node --trace-warnings ...` to show where the warning was created)
(node:1164480) Warning: The 'NO_COLOR' env is ignored due to the 'FORCE_COLOR' env being set.
(Use `node --trace-warnings ...` to show where the warning was created)
  ✓  2 [desktop] › tests/candidate.spec.ts:28:31 › candidate proyecto: initial transfer budget and visual baseline (763ms)
  ✓  1 [desktop] › tests/candidate.spec.ts:28:31 › candidate inicio: initial transfer budget and visual baseline (803ms)
  ✓  4 [desktop] › tests/candidate.spec.ts:28:31 › candidate lectura: initial transfer budget and visual baseline (696ms)
  ✓  3 [desktop] › tests/candidate.spec.ts:28:31 › candidate catalogo: initial transfer budget and visual baseline (726ms)
(node:1164901) Warning: The 'NO_COLOR' env is ignored due to the 'FORCE_COLOR' env being set.
(Use `node --trace-warnings ...` to show where the warning was created)
(node:1164900) Warning: The 'NO_COLOR' env is ignored due to the 'FORCE_COLOR' env being set.
(Use `node --trace-warnings ...` to show where the warning was created)
  ✓  5 [mobile] › tests/candidate.spec.ts:28:31 › candidate proyecto: initial transfer budget and visual baseline (717ms)
  ✓  6 [mobile] › tests/candidate.spec.ts:28:31 › candidate inicio: initial transfer budget and visual baseline (751ms)
  ✓  7 [mobile] › tests/candidate.spec.ts:28:31 › candidate catalogo: initial transfer budget and visual baseline (684ms)
  ✓  8 [mobile] › tests/candidate.spec.ts:28:31 › candidate lectura: initial transfer budget and visual baseline (653ms)

  8 passed (4.5s)
