npm warn Unknown user config "always-auth". This will stop working in the next major version of npm. See `npm help npmrc` for supported config options.
npm notice run paynalton.tech@0.0.1 test:e2e
npm notice run playwright test tests/candidate.spec.ts tests/home-review.spec.ts --update-snapshots --workers=1
[WebServer] npm warn Unknown env config "always-auth". This will error in a future major version of npm. See `npm help npmrc` for supported config options.
[WebServer] npm warn Unknown user config "always-auth". This will stop working in the next major version of npm. See `npm help npmrc` for supported config options.
[WebServer] npm notice run paynalton.tech@0.0.1 preview
[WebServer] npm notice run astro preview --host 127.0.0.1 --port 4334 --ignore-lock
[WebServer] (node:1158513) Warning: The 'NO_COLOR' env is ignored due to the 'FORCE_COLOR' env being set.
[WebServer] (Use `node --trace-warnings ...` to show where the warning was created)

Running 20 tests using 1 worker

(node:1158596) Warning: The 'NO_COLOR' env is ignored due to the 'FORCE_COLOR' env being set.
(Use `node --trace-warnings ...` to show where the warning was created)
  ✓   1 [desktop] › tests/candidate.spec.ts:6:1 › CSP permits published pages and Pagefind while blocking injected scripts (13.3s)
  ✓   2 [desktop] › tests/candidate.spec.ts:28:31 › candidate inicio: initial transfer budget and visual baseline (770ms)
  ✓   3 [desktop] › tests/candidate.spec.ts:28:31 › candidate proyecto: initial transfer budget and visual baseline (725ms)
  ✓   4 [desktop] › tests/candidate.spec.ts:28:31 › candidate catalogo: initial transfer budget and visual baseline (760ms)
  ✓   5 [desktop] › tests/candidate.spec.ts:28:31 › candidate lectura: initial transfer budget and visual baseline (697ms)
  ✓   6 [desktop] › tests/candidate.spec.ts:45:1 › CSP retains the native local search form without JavaScript (248ms)
(node:1159138) Warning: The 'NO_COLOR' env is ignored due to the 'FORCE_COLOR' env being set.
(Use `node --trace-warnings ...` to show where the warning was created)
  ✓   7 [desktop] › tests/home-review.spec.ts:5:1 › all four sculptures load on demand, release offscreen and respect reduced motion (12.2s)
  ✓   8 [desktop] › tests/home-review.spec.ts:28:1 › project and work card corners follow their real link and retain one tab stop (4.3s)
  ✓   9 [desktop] › tests/home-review.spec.ts:35:1 › home reflows at 320 pixels and 200 percent text (119ms)
  ✓  10 [desktop] › tests/home-review.spec.ts:41:1 › hover and menu transitions have visible duration and nonlinear easing (1.4s)
(node:1159608) Warning: The 'NO_COLOR' env is ignored due to the 'FORCE_COLOR' env being set.
(Use `node --trace-warnings ...` to show where the warning was created)
  ✓  11 [mobile] › tests/candidate.spec.ts:6:1 › CSP permits published pages and Pagefind while blocking injected scripts (13.2s)
  ✓  12 [mobile] › tests/candidate.spec.ts:28:31 › candidate inicio: initial transfer budget and visual baseline (742ms)
  ✓  13 [mobile] › tests/candidate.spec.ts:28:31 › candidate proyecto: initial transfer budget and visual baseline (681ms)
  ✓  14 [mobile] › tests/candidate.spec.ts:28:31 › candidate catalogo: initial transfer budget and visual baseline (735ms)
  ✓  15 [mobile] › tests/candidate.spec.ts:28:31 › candidate lectura: initial transfer budget and visual baseline (658ms)
  ✓  16 [mobile] › tests/candidate.spec.ts:45:1 › CSP retains the native local search form without JavaScript (236ms)
(node:1160158) Warning: The 'NO_COLOR' env is ignored due to the 'FORCE_COLOR' env being set.
(Use `node --trace-warnings ...` to show where the warning was created)
  ✓  17 [mobile] › tests/home-review.spec.ts:5:1 › all four sculptures load on demand, release offscreen and respect reduced motion (8.9s)
  ✓  18 [mobile] › tests/home-review.spec.ts:28:1 › project and work card corners follow their real link and retain one tab stop (5.1s)
  ✓  19 [mobile] › tests/home-review.spec.ts:35:1 › home reflows at 320 pixels and 200 percent text (172ms)
  ✓  20 [mobile] › tests/home-review.spec.ts:41:1 › hover and menu transitions have visible duration and nonlinear easing (1.3s)

  20 passed (1.1m)
