npm warn Unknown user config "always-auth". This will stop working in the next major version of npm. See `npm help npmrc` for supported config options.
npm notice run paynalton.tech@0.0.1 test:e2e
npm notice run playwright test tests/english.spec.ts tests/language-picker.spec.ts tests/site.spec.ts tests/search.spec.ts tests/publication.spec.ts --workers=2 --output=/tmp/paynalton-en-browser-results --reporter=list
[WebServer] npm warn Unknown env config "always-auth". This will error in a future major version of npm. See `npm help npmrc` for supported config options.
[WebServer] npm warn Unknown user config "always-auth". This will stop working in the next major version of npm. See `npm help npmrc` for supported config options.
[WebServer] npm notice run paynalton.tech@0.0.1 preview
[WebServer] npm notice run astro preview --host 127.0.0.1 --port 4334 --ignore-lock
[WebServer] (node:849105) Warning: The 'NO_COLOR' env is ignored due to the 'FORCE_COLOR' env being set.
[WebServer] (Use `node --trace-warnings ...` to show where the warning was created)

Running 54 tests using 2 workers

(node:849213) Warning: The 'NO_COLOR' env is ignored due to the 'FORCE_COLOR' env being set.
(Use `node --trace-warnings ...` to show where the warning was created)
(node:849214) Warning: The 'NO_COLOR' env is ignored due to the 'FORCE_COLOR' env being set.
(Use `node --trace-warnings ...` to show where the warning was created)
  ✓   2 [desktop] › tests/english.spec.ts:25:1 › English Pagefind searches translated bodies and returns only English destinations (689ms)
  ✓   3 [desktop] › tests/english.spec.ts:32:1 › language switching, translated reading and downloads work without JavaScript (1.0s)
  ✓   4 [desktop] › tests/language-picker.spec.ts:4:1 › language picker exposes only Spanish and English with honest availability (2.0s)
  ✓   5 [desktop] › tests/language-picker.spec.ts:15:1 › the actual translated book supports round-trip navigation without JavaScript (393ms)
  ✓   6 [desktop] › tests/publication.spec.ts:3:1 › historical Spanish URLs reach their final content and anchors in static preview (5.8s)
  ✓   7 [desktop] › tests/publication.spec.ts:7:1 › canonical and social data ignore query input; linked formats are usable (148ms)
  ✓   8 [desktop] › tests/publication.spec.ts:16:1 › translated book alternatives are reciprocal and legacy pages remain accessible (2.1s)
  ✓   9 [desktop] › tests/search.spec.ts:6:1 › full body search, type and topic filters, shareable URL, history and clear (2.0s)
  ✓  10 [desktop] › tests/search.spec.ts:21:1 › zero results, unknown filters, hostile query and keyboard access (1.0s)
  ✓   1 [desktop] › tests/english.spec.ts:5:1 › English pages preserve the shared design, accessibility and equivalent Spanish routes (16.1s)
  ✓  12 [desktop] › tests/search.spec.ts:36:1 › late searches cannot replace a newer query or filters (365ms)
  ✓  11 [desktop] › tests/search.spec.ts:29:1 › failed index keeps HTML links and retry recovers with filters intact (2.0s)
  ✓  13 [desktop] › tests/search.spec.ts:42:1 › index loads only when searching, requests stay local, and 320px zoom fits (1.3s)
  ✓  14 [desktop] › tests/search.spec.ts:49:1 › editorial topics connect to content and filtered exploration (3.8s)
  ✓  15 [desktop] › tests/site.spec.ts:18:3 › es: pages and local resources (3.3s)
  ✓  16 [desktop] › tests/site.spec.ts:38:3 › es: language navigation preserves section (147ms)
  ✓  17 [desktop] › tests/site.spec.ts:55:3 › es: book edition and format stay independent of page language (1.5s)
  ✓  18 [desktop] › tests/site.spec.ts:18:3 › en: pages and local resources (2.3s)
  ✓  19 [desktop] › tests/site.spec.ts:38:3 › en: language navigation preserves section (1.1s)
  ✓  21 [desktop] › tests/site.spec.ts:18:3 › nah: pages and local resources (791ms)
  ✓  22 [desktop] › tests/site.spec.ts:38:3 › nah: language navigation preserves section (328ms)
  ✓  20 [desktop] › tests/site.spec.ts:55:3 › en: book edition and format stay independent of page language (1.5s)
  -  24 [desktop] › tests/site.spec.ts:74:1 › mobile menu opens and navigation works
  ✓  23 [desktop] › tests/site.spec.ts:55:3 › nah: book edition and format stay independent of page language (381ms)
  ✓  25 [desktop] › tests/site.spec.ts:83:1 › root keeps the Spanish entry for an English browser (202ms)
  ✓  26 [desktop] › tests/site.spec.ts:93:1 › essential HTML works without JavaScript (396ms)
(node:851687) Warning: The 'NO_COLOR' env is ignored due to the 'FORCE_COLOR' env being set.
(Use `node --trace-warnings ...` to show where the warning was created)
  ✓  27 [desktop] › tests/site.spec.ts:104:1 › feeds, downloads and missing routes (555ms)
(node:851730) Warning: The 'NO_COLOR' env is ignored due to the 'FORCE_COLOR' env being set.
(Use `node --trace-warnings ...` to show where the warning was created)
  ✓  29 [mobile] › tests/english.spec.ts:25:1 › English Pagefind searches translated bodies and returns only English destinations (609ms)
  ✓  30 [mobile] › tests/english.spec.ts:32:1 › language switching, translated reading and downloads work without JavaScript (969ms)
  ✓  31 [mobile] › tests/language-picker.spec.ts:4:1 › language picker exposes only Spanish and English with honest availability (1.0s)
  ✓  32 [mobile] › tests/language-picker.spec.ts:15:1 › the actual translated book supports round-trip navigation without JavaScript (404ms)
  ✓  33 [mobile] › tests/publication.spec.ts:3:1 › historical Spanish URLs reach their final content and anchors in static preview (4.0s)
  ✓  34 [mobile] › tests/publication.spec.ts:7:1 › canonical and social data ignore query input; linked formats are usable (203ms)
  ✓  35 [mobile] › tests/publication.spec.ts:16:1 › translated book alternatives are reciprocal and legacy pages remain accessible (360ms)
  ✓  36 [mobile] › tests/search.spec.ts:6:1 › full body search, type and topic filters, shareable URL, history and clear (2.4s)
  ✓  37 [mobile] › tests/search.spec.ts:21:1 › zero results, unknown filters, hostile query and keyboard access (1.1s)
  ✓  38 [mobile] › tests/search.spec.ts:29:1 › failed index keeps HTML links and retry recovers with filters intact (1.7s)
  ✓  39 [mobile] › tests/search.spec.ts:36:1 › late searches cannot replace a newer query or filters (311ms)
  ✓  40 [mobile] › tests/search.spec.ts:42:1 › index loads only when searching, requests stay local, and 320px zoom fits (403ms)
  ✓  28 [mobile] › tests/english.spec.ts:5:1 › English pages preserve the shared design, accessibility and equivalent Spanish routes (14.3s)
  ✓  42 [mobile] › tests/site.spec.ts:18:3 › es: pages and local resources (4.9s)
  ✓  43 [mobile] › tests/site.spec.ts:38:3 › es: language navigation preserves section (123ms)
  ✓  44 [mobile] › tests/site.spec.ts:55:3 › es: book edition and format stay independent of page language (346ms)
  ✓  41 [mobile] › tests/search.spec.ts:49:1 › editorial topics connect to content and filtered exploration (7.2s)
  ✓  45 [mobile] › tests/site.spec.ts:18:3 › en: pages and local resources (2.1s)
  ✓  46 [mobile] › tests/site.spec.ts:38:3 › en: language navigation preserves section (1.1s)
  ✓  47 [mobile] › tests/site.spec.ts:55:3 › en: book edition and format stay independent of page language (360ms)
  ✓  49 [mobile] › tests/site.spec.ts:38:3 › nah: language navigation preserves section (232ms)
  ✓  50 [mobile] › tests/site.spec.ts:55:3 › nah: book edition and format stay independent of page language (332ms)
  ✓  48 [mobile] › tests/site.spec.ts:18:3 › nah: pages and local resources (744ms)
  ✓  52 [mobile] › tests/site.spec.ts:83:1 › root keeps the Spanish entry for an English browser (212ms)
  ✓  53 [mobile] › tests/site.spec.ts:93:1 › essential HTML works without JavaScript (338ms)
  ✓  51 [mobile] › tests/site.spec.ts:74:1 › mobile menu opens and navigation works (1.1s)
  ✓  54 [mobile] › tests/site.spec.ts:104:1 › feeds, downloads and missing routes (503ms)

  1 skipped
  53 passed (51.5s)
