Reviewed el-reencuentro.md paragraph 7
Reviewed el-reencuentro.md paragraph 22
Reviewed el-reencuentro.md paragraph 24
Reviewed el-reencuentro.md paragraph 30
Reviewed el-reencuentro.md paragraph 38
Reviewed el-reencuentro.md paragraph 40
Reviewed el-reencuentro.md paragraph 44
Reviewed guia-1.md paragraph 2
Reviewed guia-1.md paragraph 5
Reviewed guia-1.md paragraph 6
Reviewed guia-1.md paragraph 8
Reviewed guia-1.md paragraph 9
Reviewed guia-1.md paragraph 10
Reviewed guia-1.md paragraph 11
Reviewed guia-1.md paragraph 12
Reviewed guia-1.md paragraph 13
Reviewed guia-1.md paragraph 14
Reviewed guia-1.md paragraph 15
Reviewed guia-1.md paragraph 16
Reviewed guia-1.md paragraph 17
Reviewed guia-1.md paragraph 18
Reviewed guia-1.md paragraph 19
Reviewed guia-1.md paragraph 21
Reviewed guia-1.md paragraph 22
Reviewed howto-novia.md paragraph 7
Reviewed noche-de-brujas-en-diabuluz.md paragraph 15
Reviewed paquetes-y-dependencias-en-gnu-linux.md paragraph 2
Reviewed paquetes-y-dependencias-en-gnu-linux.md paragraph 3
Reviewed paquetes-y-dependencias-en-gnu-linux.md paragraph 4
Reviewed paquetes-y-dependencias-en-gnu-linux.md paragraph 5
Reviewed paquetes-y-dependencias-en-gnu-linux.md paragraph 6
Reviewed paquetes-y-dependencias-en-gnu-linux.md paragraph 7
Reviewed paquetes-y-dependencias-en-gnu-linux.md paragraph 8
Reviewed paquetes-y-dependencias-en-gnu-linux.md paragraph 12
Reviewed paquetes-y-dependencias-en-gnu-linux.md paragraph 13
Reviewed paquetes-y-dependencias-en-gnu-linux.md paragraph 15
Reviewed paquetes-y-dependencias-en-gnu-linux.md paragraph 18
Reviewed paquetes-y-dependencias-en-gnu-linux.md paragraph 20
Reviewed paquetes-y-dependencias-en-gnu-linux.md paragraph 22
Reviewed paquetes-y-dependencias-en-gnu-linux.md paragraph 25
Reviewed usuarios-y-permisos-en-gnu-linux.md paragraph 6
Reviewed usuarios-y-permisos-en-gnu-linux.md paragraph 7
Reviewed usuarios-y-permisos-en-gnu-linux.md paragraph 10
Reviewed usuarios-y-permisos-en-gnu-linux.md paragraph 12
Reviewed usuarios-y-permisos-en-gnu-linux.md paragraph 17
Complete: 45 coherent wrapped paragraphs.
