npm warn Unknown user config "always-auth". This will stop working in the next major version of npm. See `npm help npmrc` for supported config options.
npm notice run paynalton.tech@0.0.1 test:e2e
npm notice run playwright test tests/english.spec.ts --workers=2 --output=/tmp/paynalton-en-reading-final --reporter=list
[WebServer] npm warn Unknown env config "always-auth". This will error in a future major version of npm. See `npm help npmrc` for supported config options.
[WebServer] npm warn Unknown user config "always-auth". This will stop working in the next major version of npm. See `npm help npmrc` for supported config options.
[WebServer] npm notice run paynalton.tech@0.0.1 preview
[WebServer] npm notice run astro preview --host 127.0.0.1 --port 4334 --ignore-lock
[WebServer] (node:942119) Warning: The 'NO_COLOR' env is ignored due to the 'FORCE_COLOR' env being set.
[WebServer] (Use `node --trace-warnings ...` to show where the warning was created)

Running 6 tests using 2 workers

(node:942753) Warning: The 'NO_COLOR' env is ignored due to the 'FORCE_COLOR' env being set.
(Use `node --trace-warnings ...` to show where the warning was created)
(node:942752) Warning: The 'NO_COLOR' env is ignored due to the 'FORCE_COLOR' env being set.
(Use `node --trace-warnings ...` to show where the warning was created)
  ✓  1 [desktop] › tests/english.spec.ts:25:1 › English Pagefind searches translated bodies and returns only English destinations (689ms)
  ✓  3 [desktop] › tests/english.spec.ts:32:1 › language switching, translated reading and downloads work without JavaScript (1.1s)
(node:943224) Warning: The 'NO_COLOR' env is ignored due to the 'FORCE_COLOR' env being set.
(Use `node --trace-warnings ...` to show where the warning was created)
  ✓  2 [desktop] › tests/english.spec.ts:5:1 › English pages preserve the shared design, accessibility and equivalent Spanish routes (16.0s)
(node:944046) Warning: The 'NO_COLOR' env is ignored due to the 'FORCE_COLOR' env being set.
(Use `node --trace-warnings ...` to show where the warning was created)
  ✓  5 [mobile] › tests/english.spec.ts:25:1 › English Pagefind searches translated bodies and returns only English destinations (582ms)
  ✓  4 [mobile] › tests/english.spec.ts:5:1 › English pages preserve the shared design, accessibility and equivalent Spanish routes (14.9s)
  ✓  6 [mobile] › tests/english.spec.ts:32:1 › language switching, translated reading and downloads work without JavaScript (1.1s)

  6 passed (19.5s)
