npm warn Unknown user config "always-auth". This will stop working in the next major version of npm. See `npm help npmrc` for supported config options.
npm notice run paynalton.tech@0.0.1 test:e2e
npm notice run playwright test tests/home-polish.spec.ts tests/candidate.spec.ts --grep static HTML|search exits|brand draws|CSP --workers=1
[WebServer] npm warn Unknown env config "always-auth". This will error in a future major version of npm. See `npm help npmrc` for supported config options.
[WebServer] npm warn Unknown user config "always-auth". This will stop working in the next major version of npm. See `npm help npmrc` for supported config options.
[WebServer] npm notice run paynalton.tech@0.0.1 preview
[WebServer] npm notice run astro preview --host 127.0.0.1 --port 4334 --ignore-lock
[WebServer] (node:1185327) Warning: The 'NO_COLOR' env is ignored due to the 'FORCE_COLOR' env being set.
[WebServer] (Use `node --trace-warnings ...` to show where the warning was created)

Running 10 tests using 1 worker

(node:1185409) Warning: The 'NO_COLOR' env is ignored due to the 'FORCE_COLOR' env being set.
(Use `node --trace-warnings ...` to show where the warning was created)
  ✓   1 [desktop] › tests/candidate.spec.ts:6:1 › CSP permits published pages and Pagefind while blocking injected scripts (14.2s)
  ✓   2 [desktop] › tests/candidate.spec.ts:45:1 › CSP retains the native local search form without JavaScript (267ms)
  ✓   3 [desktop] › tests/home-polish.spec.ts:8:1 › all static HTML outbound links have an icon, new tab and safe rel (90ms)
  ✓   4 [desktop] › tests/home-polish.spec.ts:20:1 › search exits smoothly by button, Escape and outside; focus returns (4.8s)
  ✓   5 [desktop] › tests/home-polish.spec.ts:39:1 › brand draws on focus and external links work without JavaScript (1.6s)
(node:1185968) Warning: The 'NO_COLOR' env is ignored due to the 'FORCE_COLOR' env being set.
(Use `node --trace-warnings ...` to show where the warning was created)
  ✓   6 [mobile] › tests/candidate.spec.ts:6:1 › CSP permits published pages and Pagefind while blocking injected scripts (13.8s)
  ✓   7 [mobile] › tests/candidate.spec.ts:45:1 › CSP retains the native local search form without JavaScript (279ms)
  ✓   8 [mobile] › tests/home-polish.spec.ts:8:1 › all static HTML outbound links have an icon, new tab and safe rel (92ms)
  ✓   9 [mobile] › tests/home-polish.spec.ts:20:1 › search exits smoothly by button, Escape and outside; focus returns (5.1s)
  ✓  10 [mobile] › tests/home-polish.spec.ts:39:1 › brand draws on focus and external links work without JavaScript (2.2s)

  10 passed (44.1s)
